starting tests on manager-1
Greetings to 'Cluster' from manager-1
Good bye to 'Cluster' from manager-1
