starting tests on worker-1
Greetings to 'Cluster' from worker-1
Good bye to 'Cluster' from worker-1
