starting tests on worker-2
Greetings to 'Cluster' from worker-2
Good bye to 'Cluster' from worker-2
